dependent_variables:
- header:
    name: max $m_{\tilde{\chi}_{1}^{0}}$ excluded
    units: GeV
  values:
  - value: '140.81'
  - value: '148.691'
  - value: '157.37'
  - value: '166.633'
  - value: '175.844'
  - value: '186.067'
  - value: '197.694'
  - value: '214.729'
  - value: '239.108'
  - value: '270.77'
  - value: '306.874'
  - value: '344.635'
  - value: '384.778'
  - value: '425.561'
  - value: '467.318'
  - value: '506.332'
  - value: '540.258'
  - value: '571.789'
  - value: '603.367'
  - value: '639.02'
  - value: '679.598'
  - value: '722.604'
  - value: '766.589'
  - value: '807.199'
  - value: '842.952'
  - value: '876.165'
  - value: '908.169'
  - value: '943.278'
  - value: '982.124'
  - value: '1025.39'
  - value: '1073.38'
  - value: '1123.5'
  - value: '1175.07'
  - value: '1224.71'
  - value: '1272.88'
  - value: '1322.37'
  - value: '1373.75'
  - value: '1425.41'
  - value: '1475.65'
  - value: '1524.22'
  - value: '1572.57'
  - value: '1621.88'
  - value: '1672.45'
  - value: '1724.4'
  - value: '1776.45'
  - value: '1827.85'
  - value: '1874.22'
  - value: '1914.45'
  - value: '1947.91'
  - value: '1977.41'
  - value: '2006.46'
  - value: '2035.1'
  - value: '2064.27'
  - value: '2091.36'
  - value: '2116.08'
  - value: '2135.69'
  - value: '2148.77'
  - value: '2155.27'
  - value: '2156.11'
  - value: '2156.11'
  - value: '-'
  - value: '-'
  - value: '-'
  - value: '-'
  - value: '-'
  - value: '-'
  - value: '-'
  - value: '-'
  - value: '-'
  - value: '-'
  - value: '-'
  - value: '-'
  - value: '-'
  - value: '-'
  - value: '-'
  - value: '-'
  - value: '-'
  - value: '-'
  - value: '-'
  - value: '-'
  - value: '-'
  - value: '-'
  - value: '-'
  - value: '-'
  - value: '-'
  - value: '-'
  - value: '-'
  - value: '-'
  - value: '-'
  - value: '-'
  - value: '-'
  - value: '-'
  - value: '-'
  - value: '-'
  - value: '-'
  - value: '-'
  - value: '-'
  - value: '-'
  - value: '-'
  - value: '-'
  - value: '-'
  - value: '-'
  - value: '-'
  - value: '-'
  - value: '-'
  - value: '-'
  - value: '-'
  - value: '-'
  - value: '-'
  - value: '-'
  - value: '-'
  - value: '-'
  - value: '-'
  - value: '-'
  - value: '-'
  - value: '-'
  - value: '-'
  - value: '-'
  - value: '-'
  - value: '-'
  - value: '-'
  - value: '-'
  - value: '-'
  - value: '-'
  - value: '-'
  - value: '-'
  - value: '-'
  - value: '-'
  - value: '-'
  - value: '-'
  - value: '-'
  - value: '-'
  - value: '-'
  - value: '-'
  - value: '-'
  - value: '-'
  - value: '-'
  - value: '-'
  - value: '-'
  - value: '-'
  - value: '-'
  - value: '-'
  - value: '-'
  - value: '-'
  - value: '-'
  - value: '-'
  - value: '-'
  - value: '-'
  - value: '-'
  - value: '-'
  - value: '-'
  - value: '-'
  - value: '-'
  - value: '-'
  - value: '-'
  - value: '-'
  - value: '-'
  - value: '-'
  - value: '-'
  - value: '-'
  - value: '-'
  - value: '-'
  - value: '-'
  - value: '-'
  - value: '-'
  - value: '-'
  - value: '-'
  - value: '-'
  - value: '-'
  - value: '-'
  - value: '-'
  - value: '-'
  - value: '-'
  - value: '-'
  - value: '-'
  - value: '-'
  - value: '-'
  - value: '-'
  - value: '-'
  - value: '-'
  - value: '-'
  - value: '-'
  - value: '-'
  - value: '-'
  - value: '-'
  - value: '-'
  - value: '-'
  - value: '-'
  - value: '-'
  - value: '-'
- header:
    name: max $m_{\tilde{\chi}_{1}^{0}} - 1 \sigma$ excluded
    units: GeV
  values:
  - value: '-'
  - value: '-'
  - value: '-'
  - value: '-'
  - value: '-'
  - value: '-'
  - value: '-'
  - value: '-'
  - value: '-'
  - value: '-'
  - value: '-'
  - value: '-'
  - value: '-'
  - value: '-'
  - value: '-'
  - value: '-'
  - value: '-'
  - value: '-'
  - value: '-'
  - value: '-'
  - value: '-'
  - value: '-'
  - value: '-'
  - value: '-'
  - value: '-'
  - value: '-'
  - value: '-'
  - value: '-'
  - value: '-'
  - value: '-'
  - value: '-'
  - value: '-'
  - value: '-'
  - value: '-'
  - value: '-'
  - value: '-'
  - value: '-'
  - value: '-'
  - value: '-'
  - value: '-'
  - value: '-'
  - value: '-'
  - value: '-'
  - value: '-'
  - value: '-'
  - value: '-'
  - value: '-'
  - value: '-'
  - value: '-'
  - value: '-'
  - value: '-'
  - value: '-'
  - value: '-'
  - value: '-'
  - value: '-'
  - value: '-'
  - value: '-'
  - value: '-'
  - value: '-'
  - value: '-'
  - value: '142.497'
  - value: '151.865'
  - value: '161.437'
  - value: '170.054'
  - value: '177.639'
  - value: '188.307'
  - value: '204.919'
  - value: '228.674'
  - value: '257.001'
  - value: '287.517'
  - value: '318.361'
  - value: '347.566'
  - value: '376.674'
  - value: '406.348'
  - value: '439.336'
  - value: '477.965'
  - value: '519.152'
  - value: '558.465'
  - value: '594.436'
  - value: '631.398'
  - value: '674.306'
  - value: '722.234'
  - value: '773.181'
  - value: '821.304'
  - value: '867.795'
  - value: '912.171'
  - value: '952.136'
  - value: '988.21'
  - value: '1019.99'
  - value: '1056.24'
  - value: '1095.93'
  - value: '1142.25'
  - value: '1190.32'
  - value: '1238.66'
  - value: '1287.56'
  - value: '1333.23'
  - value: '1378.7'
  - value: '1424.82'
  - value: '1475.0'
  - value: '1528.39'
  - value: '1581.85'
  - value: '1634.99'
  - value: '1685.86'
  - value: '1738.43'
  - value: '1790.75'
  - value: '1839.68'
  - value: '1885.61'
  - value: '1927.5'
  - value: '1968.36'
  - value: '2004.69'
  - value: '2036.7'
  - value: '2063.06'
  - value: '2086.77'
  - value: '2110.27'
  - value: '2134.57'
  - value: '2160.71'
  - value: '2187.84'
  - value: '2212.37'
  - value: '2229.0'
  - value: '2235.89'
  - value: '2235.92'
  - value: '2233.85'
  - value: '2233.85'
  - value: '-'
  - value: '-'
  - value: '-'
  - value: '-'
  - value: '-'
  - value: '-'
  - value: '-'
  - value: '-'
  - value: '-'
  - value: '-'
  - value: '-'
  - value: '-'
  - value: '-'
  - value: '-'
  - value: '-'
  - value: '-'
  - value: '-'
  - value: '-'
  - value: '-'
  - value: '-'
  - value: '-'
  - value: '-'
  - value: '-'
  - value: '-'
  - value: '-'
  - value: '-'
  - value: '-'
  - value: '-'
  - value: '-'
  - value: '-'
  - value: '-'
  - value: '-'
  - value: '-'
  - value: '-'
  - value: '-'
  - value: '-'
  - value: '-'
  - value: '-'
  - value: '-'
  - value: '-'
  - value: '-'
  - value: '-'
  - value: '-'
  - value: '-'
  - value: '-'
  - value: '-'
  - value: '-'
  - value: '-'
  - value: '-'
  - value: '-'
  - value: '-'
  - value: '-'
  - value: '-'
  - value: '-'
  - value: '-'
  - value: '-'
  - value: '-'
  - value: '-'
  - value: '-'
  - value: '-'
  - value: '-'
  - value: '-'
  - value: '-'
  - value: '-'
  - value: '-'
  - value: '-'
  - value: '-'
- header:
    name: max $m_{\tilde{\chi}_{1}^{0}} + 1 \sigma$ excluded
    units: GeV
  values:
  - value: '-'
  - value: '-'
  - value: '-'
  - value: '-'
  - value: '-'
  - value: '-'
  - value: '-'
  - value: '-'
  - value: '-'
  - value: '-'
  - value: '-'
  - value: '-'
  - value: '-'
  - value: '-'
  - value: '-'
  - value: '-'
  - value: '-'
  - value: '-'
  - value: '-'
  - value: '-'
  - value: '-'
  - value: '-'
  - value: '-'
  - value: '-'
  - value: '-'
  - value: '-'
  - value: '-'
  - value: '-'
  - value: '-'
  - value: '-'
  - value: '-'
  - value: '-'
  - value: '-'
  - value: '-'
  - value: '-'
  - value: '-'
  - value: '-'
  - value: '-'
  - value: '-'
  - value: '-'
  - value: '-'
  - value: '-'
  - value: '-'
  - value: '-'
  - value: '-'
  - value: '-'
  - value: '-'
  - value: '-'
  - value: '-'
  - value: '-'
  - value: '-'
  - value: '-'
  - value: '-'
  - value: '-'
  - value: '-'
  - value: '-'
  - value: '-'
  - value: '-'
  - value: '-'
  - value: '-'
  - value: '-'
  - value: '-'
  - value: '-'
  - value: '-'
  - value: '-'
  - value: '-'
  - value: '-'
  - value: '-'
  - value: '-'
  - value: '-'
  - value: '-'
  - value: '-'
  - value: '-'
  - value: '-'
  - value: '-'
  - value: '-'
  - value: '-'
  - value: '-'
  - value: '-'
  - value: '-'
  - value: '-'
  - value: '-'
  - value: '-'
  - value: '-'
  - value: '-'
  - value: '-'
  - value: '-'
  - value: '-'
  - value: '-'
  - value: '-'
  - value: '-'
  - value: '-'
  - value: '-'
  - value: '-'
  - value: '-'
  - value: '-'
  - value: '-'
  - value: '-'
  - value: '-'
  - value: '-'
  - value: '-'
  - value: '-'
  - value: '-'
  - value: '-'
  - value: '-'
  - value: '-'
  - value: '-'
  - value: '-'
  - value: '-'
  - value: '-'
  - value: '-'
  - value: '-'
  - value: '-'
  - value: '-'
  - value: '-'
  - value: '-'
  - value: '-'
  - value: '-'
  - value: '-'
  - value: '-'
  - value: '-'
  - value: '-'
  - value: '-'
  - value: '140.389'
  - value: '147.109'
  - value: '153.754'
  - value: '161.038'
  - value: '169.518'
  - value: '180.936'
  - value: '195.187'
  - value: '212.646'
  - value: '233.748'
  - value: '257.845'
  - value: '283.715'
  - value: '309.96'
  - value: '335.899'
  - value: '364.809'
  - value: '398.507'
  - value: '435.691'
  - value: '471.604'
  - value: '503.075'
  - value: '531.188'
  - value: '559.307'
  - value: '592.162'
  - value: '629.584'
  - value: '672.368'
  - value: '716.13'
  - value: '757.978'
  - value: '795.517'
  - value: '828.262'
  - value: '862.509'
  - value: '898.68'
  - value: '940.008'
  - value: '984.284'
  - value: '1029.34'
  - value: '1076.25'
  - value: '1121.53'
  - value: '1168.63'
  - value: '1215.1'
  - value: '1263.56'
  - value: '1312.13'
  - value: '1361.78'
  - value: '1411.18'
  - value: '1460.76'
  - value: '1514.2'
  - value: '1569.35'
  - value: '1624.93'
  - value: '1675.94'
  - value: '1722.1'
  - value: '1765.14'
  - value: '1806.57'
  - value: '1846.63'
  - value: '1882.5'
  - value: '1914.34'
  - value: '1943.27'
  - value: '1970.69'
  - value: '1996.71'
  - value: '2020.15'
  - value: '2038.86'
  - value: '2051.31'
  - value: '2059.39'
  - value: '2064.31'
  - value: '2068.51'
  - value: '2070.7'
  - value: '2070.24'
  - value: '2065.38'
  - value: '2054.68'
  - value: '2038.92'
  - value: '2021.23'
  - value: '2021.23'
independent_variables:
- header:
    name: $m_{\tilde{g}}$
    units: GeV
  values:
  - value: '2043.19'
  - value: '2045.98'
  - value: '2049.73'
  - value: '2054.71'
  - value: '2060.82'
  - value: '2068.2'
  - value: '2076.6'
  - value: '2087.2'
  - value: '2100.11'
  - value: '2114.9'
  - value: '2130.03'
  - value: '2144.1'
  - value: '2157.14'
  - value: '2168.61'
  - value: '2179.14'
  - value: '2187.86'
  - value: '2194.91'
  - value: '2201.21'
  - value: '2207.35'
  - value: '2213.9'
  - value: '2220.64'
  - value: '2227.07'
  - value: '2233.25'
  - value: '2239.01'
  - value: '2244.51'
  - value: '2249.68'
  - value: '2254.08'
  - value: '2258.03'
  - value: '2261.47'
  - value: '2264.65'
  - value: '2267.67'
  - value: '2270.37'
  - value: '2273.0'
  - value: '2275.42'
  - value: '2277.55'
  - value: '2279.3'
  - value: '2280.47'
  - value: '2280.96'
  - value: '2280.95'
  - value: '2280.49'
  - value: '2279.45'
  - value: '2277.8'
  - value: '2275.8'
  - value: '2273.73'
  - value: '2271.5'
  - value: '2268.84'
  - value: '2265.73'
  - value: '2262.26'
  - value: '2258.77'
  - value: '2254.87'
  - value: '2250.38'
  - value: '2245.75'
  - value: '2241.5'
  - value: '2237.72'
  - value: '2232.19'
  - value: '2222.07'
  - value: '2206.84'
  - value: '2189.49'
  - value: '2175.18'
  - value: '2175.18'
  - value: '2133.09'
  - value: '2137.88'
  - value: '2144.39'
  - value: '2151.55'
  - value: '2158.35'
  - value: '2166.11'
  - value: '2176.03'
  - value: '2189.18'
  - value: '2204.06'
  - value: '2218.65'
  - value: '2231.38'
  - value: '2241.31'
  - value: '2249.55'
  - value: '2256.77'
  - value: '2264.31'
  - value: '2272.54'
  - value: '2280.83'
  - value: '2288.25'
  - value: '2294.61'
  - value: '2300.83'
  - value: '2307.81'
  - value: '2315.19'
  - value: '2322.5'
  - value: '2328.68'
  - value: '2334.07'
  - value: '2338.99'
  - value: '2343.45'
  - value: '2347.27'
  - value: '2350.17'
  - value: '2352.88'
  - value: '2355.39'
  - value: '2357.79'
  - value: '2359.71'
  - value: '2361.16'
  - value: '2362.6'
  - value: '2364.02'
  - value: '2365.3'
  - value: '2366.0'
  - value: '2366.09'
  - value: '2365.88'
  - value: '2365.64'
  - value: '2365.21'
  - value: '2364.2'
  - value: '2362.32'
  - value: '2359.82'
  - value: '2357.02'
  - value: '2353.85'
  - value: '2349.86'
  - value: '2344.71'
  - value: '2339.07'
  - value: '2333.74'
  - value: '2329.35'
  - value: '2325.83'
  - value: '2322.72'
  - value: '2319.63'
  - value: '2315.88'
  - value: '2310.98'
  - value: '2302.1'
  - value: '2288.86'
  - value: '2272.66'
  - value: '2257.73'
  - value: '2248.03'
  - value: '2248.03'
  - value: '1945.21'
  - value: '1947.63'
  - value: '1951.21'
  - value: '1956.36'
  - value: '1962.65'
  - value: '1969.78'
  - value: '1977.52'
  - value: '1986.16'
  - value: '1996.73'
  - value: '2008.7'
  - value: '2021.4'
  - value: '2033.58'
  - value: '2044.62'
  - value: '2055.29'
  - value: '2065.77'
  - value: '2075.95'
  - value: '2084.75'
  - value: '2092.05'
  - value: '2098.49'
  - value: '2104.75'
  - value: '2111.56'
  - value: '2118.5'
  - value: '2125.6'
  - value: '2132.39'
  - value: '2138.71'
  - value: '2144.16'
  - value: '2148.58'
  - value: '2152.73'
  - value: '2156.78'
  - value: '2161.23'
  - value: '2165.85'
  - value: '2170.29'
  - value: '2174.7'
  - value: '2178.76'
  - value: '2182.33'
  - value: '2185.05'
  - value: '2186.77'
  - value: '2187.81'
  - value: '2188.52'
  - value: '2189.15'
  - value: '2189.25'
  - value: '2188.83'
  - value: '2187.89'
  - value: '2186.95'
  - value: '2185.72'
  - value: '2183.93'
  - value: '2181.38'
  - value: '2178.04'
  - value: '2174.49'
  - value: '2170.85'
  - value: '2167.1'
  - value: '2163.28'
  - value: '2159.75'
  - value: '2156.92'
  - value: '2154.82'
  - value: '2152.4'
  - value: '2146.44'
  - value: '2134.99'
  - value: '2119.09'
  - value: '2103.14'
  - value: '2090.99'
  - value: '2082.86'
  - value: '2075.92'
  - value: '2064.68'
  - value: '2048.92'
  - value: '2031.23'
  - value: '2031.23'
