dependent_variables:
- header:
    name: $\sigma_{expected}$
    units: pb
  qualifiers:
  - name: Process
    value: $pp \rightarrow \tilde{\chi}_{1}^{\pm}\tilde{\chi}_{1}^{\pm} / \tilde{\chi}_{1}^{0}\tilde{\chi}_{2}^{0}
      / \tilde{\chi}_{1}^{\pm}\tilde{\chi}_{1/2}^{0}, \tilde{\chi}_{1}^{0} \rightarrow
      \gamma/H/Z \tilde{G} , \tilde{\chi}_{2}^{0} \rightarrow \gamma/H/Z \tilde{G}$
  values:
  - value: '0.0272677'
  - value: '0.0165507'
  - value: '0.0108696'
  - value: '0.00769963'
  - value: '0.00573289'
  - value: '0.00442609'
  - value: '0.00348353'
  - value: '0.00281652'
  - value: '0.0023033'
  - value: '0.00196734'
  - value: '0.00169399'
  - value: '0.00145339'
  - value: '0.00128027'
  - value: '0.00113916'
  - value: '0.00103126'
  - value: '0.000941509'
  - value: '0.000876679'
  - value: '0.00081385'
  - value: '0.000762744'
  - value: '0.000713395'
  - value: '0.000686152'
  - value: '0.000658347'
  - value: '0.0006338'
  - value: '0.0006338'
  - value: '-'
  - value: '-'
  - value: '-'
  - value: '-'
  - value: '-'
  - value: '-'
  - value: '-'
  - value: '-'
  - value: '-'
  - value: '-'
  - value: '-'
  - value: '-'
  - value: '-'
  - value: '-'
  - value: '-'
  - value: '-'
  - value: '-'
  - value: '-'
  - value: '-'
  - value: '-'
  - value: '-'
  - value: '-'
  - value: '-'
  - value: '-'
  - value: '-'
  - value: '-'
  - value: '-'
  - value: '-'
  - value: '-'
  - value: '-'
  - value: '-'
  - value: '-'
  - value: '-'
  - value: '-'
  - value: '-'
  - value: '-'
  - value: '-'
  - value: '-'
  - value: '-'
  - value: '-'
  - value: '-'
  - value: '-'
  - value: '-'
  - value: '-'
  - value: '-'
  - value: '-'
  - value: '-'
  - value: '-'
- header:
    name: $\sigma_{expected}$ - 1\sigma_{experiment}
    units: pb
  values:
  - value: '-'
  - value: '-'
  - value: '-'
  - value: '-'
  - value: '-'
  - value: '-'
  - value: '-'
  - value: '-'
  - value: '-'
  - value: '-'
  - value: '-'
  - value: '-'
  - value: '-'
  - value: '-'
  - value: '-'
  - value: '-'
  - value: '-'
  - value: '-'
  - value: '-'
  - value: '-'
  - value: '-'
  - value: '-'
  - value: '-'
  - value: '-'
  - value: '0.0197385'
  - value: '0.0119807'
  - value: '0.00784235'
  - value: '0.00555525'
  - value: '0.00413626'
  - value: '0.00318288'
  - value: '0.00249252'
  - value: '0.0020187'
  - value: '0.00164538'
  - value: '0.00139817'
  - value: '0.00119982'
  - value: '0.00102941'
  - value: '0.000903707'
  - value: '0.0008041'
  - value: '0.000724095'
  - value: '0.000662314'
  - value: '0.000613418'
  - value: '0.000572511'
  - value: '0.000534721'
  - value: '0.000500125'
  - value: '0.00047843'
  - value: '0.000461534'
  - value: '0.000444325'
  - value: '0.000444325'
  - value: '-'
  - value: '-'
  - value: '-'
  - value: '-'
  - value: '-'
  - value: '-'
  - value: '-'
  - value: '-'
  - value: '-'
  - value: '-'
  - value: '-'
  - value: '-'
  - value: '-'
  - value: '-'
  - value: '-'
  - value: '-'
  - value: '-'
  - value: '-'
  - value: '-'
  - value: '-'
  - value: '-'
  - value: '-'
  - value: '-'
  - value: '-'
- header:
    name: $\sigma_{expected}$ + 1\sigma_{experiment}
    units: pb
  values:
  - value: '-'
  - value: '-'
  - value: '-'
  - value: '-'
  - value: '-'
  - value: '-'
  - value: '-'
  - value: '-'
  - value: '-'
  - value: '-'
  - value: '-'
  - value: '-'
  - value: '-'
  - value: '-'
  - value: '-'
  - value: '-'
  - value: '-'
  - value: '-'
  - value: '-'
  - value: '-'
  - value: '-'
  - value: '-'
  - value: '-'
  - value: '-'
  - value: '-'
  - value: '-'
  - value: '-'
  - value: '-'
  - value: '-'
  - value: '-'
  - value: '-'
  - value: '-'
  - value: '-'
  - value: '-'
  - value: '-'
  - value: '-'
  - value: '-'
  - value: '-'
  - value: '-'
  - value: '-'
  - value: '-'
  - value: '-'
  - value: '-'
  - value: '-'
  - value: '-'
  - value: '-'
  - value: '-'
  - value: '-'
  - value: '0.0378107'
  - value: '0.0230819'
  - value: '0.0151589'
  - value: '0.010738'
  - value: '0.00801804'
  - value: '0.006208'
  - value: '0.00488596'
  - value: '0.00398411'
  - value: '0.00326731'
  - value: '0.00279073'
  - value: '0.00240973'
  - value: '0.00207328'
  - value: '0.00183652'
  - value: '0.00163864'
  - value: '0.00148754'
  - value: '0.00135808'
  - value: '0.00126806'
  - value: '0.00118043'
  - value: '0.0011063'
  - value: '0.00103757'
  - value: '0.000995211'
  - value: '0.00096013'
  - value: '0.00092433'
  - value: '0.00092433'
independent_variables:
- header:
    name: $m_{NLSP}$
    units: GeV
  values:
  - value: '350.0'
  - value: '400.0'
  - value: '450.0'
  - value: '500.0'
  - value: '550.0'
  - value: '600.0'
  - value: '650.0'
  - value: '700.0'
  - value: '750.0'
  - value: '800.0'
  - value: '850.0'
  - value: '900.0'
  - value: '950.0'
  - value: '1000.0'
  - value: '1050.0'
  - value: '1100.0'
  - value: '1150.0'
  - value: '1200.0'
  - value: '1250.0'
  - value: '1300.0'
  - value: '1350.0'
  - value: '1400.0'
  - value: '1450.0'
  - value: '1450.0'
  - value: '350.0'
  - value: '400.0'
  - value: '450.0'
  - value: '500.0'
  - value: '550.0'
  - value: '600.0'
  - value: '650.0'
  - value: '700.0'
  - value: '750.0'
  - value: '800.0'
  - value: '850.0'
  - value: '900.0'
  - value: '950.0'
  - value: '1000.0'
  - value: '1050.0'
  - value: '1100.0'
  - value: '1150.0'
  - value: '1200.0'
  - value: '1250.0'
  - value: '1300.0'
  - value: '1350.0'
  - value: '1400.0'
  - value: '1450.0'
  - value: '1450.0'
  - value: '350.0'
  - value: '400.0'
  - value: '450.0'
  - value: '500.0'
  - value: '550.0'
  - value: '600.0'
  - value: '650.0'
  - value: '700.0'
  - value: '750.0'
  - value: '800.0'
  - value: '850.0'
  - value: '900.0'
  - value: '950.0'
  - value: '1000.0'
  - value: '1050.0'
  - value: '1100.0'
  - value: '1150.0'
  - value: '1200.0'
  - value: '1250.0'
  - value: '1300.0'
  - value: '1350.0'
  - value: '1400.0'
  - value: '1450.0'
  - value: '1450.0'
