dependent_variables:
- header:
    name: max $m_{\tilde{\chi}_{1}^{0}}$ excluded
    units: GeV
  values:
  - value: '21.7576'
  - value: '32.0132'
  - value: '43.0943'
  - value: '54.7666'
  - value: '67.3615'
  - value: '86.1134'
  - value: '112.168'
  - value: '147.112'
  - value: '188.222'
  - value: '234.306'
  - value: '283.419'
  - value: '330.117'
  - value: '375.746'
  - value: '416.019'
  - value: '451.171'
  - value: '483.246'
  - value: '514.102'
  - value: '550.08'
  - value: '590.619'
  - value: '636.519'
  - value: '684.015'
  - value: '730.032'
  - value: '777.48'
  - value: '823.793'
  - value: '871.667'
  - value: '918.397'
  - value: '966.324'
  - value: '1013.52'
  - value: '1060.11'
  - value: '1102.91'
  - value: '1136.89'
  - value: '1159.16'
  - value: '1165.81'
  - value: '1159.4'
  - value: '1131.61'
  - value: '1086.14'
  - value: '1029.81'
  - value: '1029.81'
  - value: '-'
  - value: '-'
  - value: '-'
  - value: '-'
  - value: '-'
  - value: '-'
  - value: '-'
  - value: '-'
  - value: '-'
  - value: '-'
  - value: '-'
  - value: '-'
  - value: '-'
  - value: '-'
  - value: '-'
  - value: '-'
  - value: '-'
  - value: '-'
  - value: '-'
  - value: '-'
  - value: '-'
  - value: '-'
  - value: '-'
  - value: '-'
  - value: '-'
  - value: '-'
  - value: '-'
  - value: '-'
  - value: '-'
  - value: '-'
  - value: '-'
  - value: '-'
  - value: '-'
  - value: '-'
  - value: '-'
  - value: '-'
  - value: '-'
  - value: '-'
  - value: '-'
  - value: '-'
  - value: '-'
  - value: '-'
  - value: '-'
  - value: '-'
  - value: '-'
  - value: '-'
  - value: '-'
  - value: '-'
  - value: '-'
  - value: '-'
  - value: '-'
  - value: '-'
  - value: '-'
  - value: '-'
  - value: '-'
  - value: '-'
  - value: '-'
  - value: '-'
  - value: '-'
  - value: '-'
  - value: '-'
  - value: '-'
  - value: '-'
  - value: '-'
  - value: '-'
  - value: '-'
  - value: '-'
  - value: '-'
  - value: '-'
  - value: '-'
  - value: '-'
  - value: '-'
  - value: '-'
  - value: '-'
  - value: '-'
  - value: '-'
  - value: '-'
- header:
    name: max $m_{\tilde{\chi}_{1}^{0}} - 1 \sigma$ excluded
    units: GeV
  values:
  - value: '-'
  - value: '-'
  - value: '-'
  - value: '-'
  - value: '-'
  - value: '-'
  - value: '-'
  - value: '-'
  - value: '-'
  - value: '-'
  - value: '-'
  - value: '-'
  - value: '-'
  - value: '-'
  - value: '-'
  - value: '-'
  - value: '-'
  - value: '-'
  - value: '-'
  - value: '-'
  - value: '-'
  - value: '-'
  - value: '-'
  - value: '-'
  - value: '-'
  - value: '-'
  - value: '-'
  - value: '-'
  - value: '-'
  - value: '-'
  - value: '-'
  - value: '-'
  - value: '-'
  - value: '-'
  - value: '-'
  - value: '-'
  - value: '-'
  - value: '-'
  - value: '17.6589'
  - value: '26.8832'
  - value: '39.5369'
  - value: '52.9967'
  - value: '65.4224'
  - value: '77.4358'
  - value: '92.3216'
  - value: '113.273'
  - value: '139.019'
  - value: '169.891'
  - value: '203.619'
  - value: '242.388'
  - value: '285.077'
  - value: '329.92'
  - value: '376.755'
  - value: '421.338'
  - value: '466.825'
  - value: '509.616'
  - value: '547.456'
  - value: '582.236'
  - value: '614.042'
  - value: '647.235'
  - value: '683.039'
  - value: '724.517'
  - value: '772.448'
  - value: '824.29'
  - value: '877.662'
  - value: '928.372'
  - value: '976.281'
  - value: '1025.19'
  - value: '1076.03'
  - value: '1126.87'
  - value: '1173.43'
  - value: '1210.76'
  - value: '1235.55'
  - value: '1248.13'
  - value: '1252.56'
  - value: '1251.04'
  - value: '1244.82'
  - value: '1232.55'
  - value: '1214.04'
  - value: '1182.89'
  - value: '1140.23'
  - value: '1091.13'
  - value: '1091.13'
  - value: '-'
  - value: '-'
  - value: '-'
  - value: '-'
  - value: '-'
  - value: '-'
  - value: '-'
  - value: '-'
  - value: '-'
  - value: '-'
  - value: '-'
  - value: '-'
  - value: '-'
  - value: '-'
  - value: '-'
  - value: '-'
  - value: '-'
  - value: '-'
  - value: '-'
  - value: '-'
  - value: '-'
  - value: '-'
  - value: '-'
  - value: '-'
  - value: '-'
  - value: '-'
  - value: '-'
  - value: '-'
  - value: '-'
  - value: '-'
  - value: '-'
  - value: '-'
- header:
    name: max $m_{\tilde{\chi}_{1}^{0}} + 1 \sigma$ excluded
    units: GeV
  values:
  - value: '-'
  - value: '-'
  - value: '-'
  - value: '-'
  - value: '-'
  - value: '-'
  - value: '-'
  - value: '-'
  - value: '-'
  - value: '-'
  - value: '-'
  - value: '-'
  - value: '-'
  - value: '-'
  - value: '-'
  - value: '-'
  - value: '-'
  - value: '-'
  - value: '-'
  - value: '-'
  - value: '-'
  - value: '-'
  - value: '-'
  - value: '-'
  - value: '-'
  - value: '-'
  - value: '-'
  - value: '-'
  - value: '-'
  - value: '-'
  - value: '-'
  - value: '-'
  - value: '-'
  - value: '-'
  - value: '-'
  - value: '-'
  - value: '-'
  - value: '-'
  - value: '-'
  - value: '-'
  - value: '-'
  - value: '-'
  - value: '-'
  - value: '-'
  - value: '-'
  - value: '-'
  - value: '-'
  - value: '-'
  - value: '-'
  - value: '-'
  - value: '-'
  - value: '-'
  - value: '-'
  - value: '-'
  - value: '-'
  - value: '-'
  - value: '-'
  - value: '-'
  - value: '-'
  - value: '-'
  - value: '-'
  - value: '-'
  - value: '-'
  - value: '-'
  - value: '-'
  - value: '-'
  - value: '-'
  - value: '-'
  - value: '-'
  - value: '-'
  - value: '-'
  - value: '-'
  - value: '-'
  - value: '-'
  - value: '-'
  - value: '-'
  - value: '-'
  - value: '-'
  - value: '-'
  - value: '-'
  - value: '-'
  - value: '-'
  - value: '-'
  - value: '18.3853'
  - value: '27.8639'
  - value: '40.3359'
  - value: '54.8365'
  - value: '69.0107'
  - value: '83.3006'
  - value: '102.182'
  - value: '130.303'
  - value: '170.744'
  - value: '223.376'
  - value: '280.802'
  - value: '339.82'
  - value: '393.376'
  - value: '443.84'
  - value: '491.234'
  - value: '536.899'
  - value: '583.98'
  - value: '629.395'
  - value: '676.5'
  - value: '722.126'
  - value: '769.437'
  - value: '815.297'
  - value: '862.723'
  - value: '909.117'
  - value: '956.161'
  - value: '1001.98'
  - value: '1041.75'
  - value: '1070.28'
  - value: '1068.79'
  - value: '1037.59'
  - value: '983.227'
  - value: '983.227'
independent_variables:
- header:
    name: $m_{\tilde{t}}$
    units: GeV
  values:
  - value: '1213.71'
  - value: '1211.47'
  - value: '1209.43'
  - value: '1207.61'
  - value: '1205.86'
  - value: '1205.33'
  - value: '1207.5'
  - value: '1213.52'
  - value: '1223.12'
  - value: '1235.15'
  - value: '1248.27'
  - value: '1260.52'
  - value: '1271.75'
  - value: '1281.27'
  - value: '1289.42'
  - value: '1296.75'
  - value: '1303.5'
  - value: '1310.48'
  - value: '1317.62'
  - value: '1325.11'
  - value: '1332.51'
  - value: '1339.36'
  - value: '1346.23'
  - value: '1352.53'
  - value: '1358.78'
  - value: '1364.73'
  - value: '1370.15'
  - value: '1374.44'
  - value: '1376.56'
  - value: '1375.2'
  - value: '1368.36'
  - value: '1355.98'
  - value: '1338.37'
  - value: '1317.1'
  - value: '1283.35'
  - value: '1236.14'
  - value: '1179.81'
  - value: '1179.81'
  - value: '1292.62'
  - value: '1290.96'
  - value: '1289.75'
  - value: '1289.23'
  - value: '1288.62'
  - value: '1287.42'
  - value: '1286.91'
  - value: '1288.78'
  - value: '1294.03'
  - value: '1301.99'
  - value: '1311.16'
  - value: '1320.52'
  - value: '1329.87'
  - value: '1339.08'
  - value: '1348.7'
  - value: '1358.35'
  - value: '1369.06'
  - value: '1379.8'
  - value: '1389.22'
  - value: '1396.93'
  - value: '1402.56'
  - value: '1407.65'
  - value: '1412.63'
  - value: '1418.17'
  - value: '1424.17'
  - value: '1430.32'
  - value: '1436.87'
  - value: '1443.21'
  - value: '1449.16'
  - value: '1454.25'
  - value: '1457.79'
  - value: '1459.46'
  - value: '1459.14'
  - value: '1457.45'
  - value: '1451.62'
  - value: '1441.33'
  - value: '1427.35'
  - value: '1412.31'
  - value: '1398.09'
  - value: '1382.55'
  - value: '1364.04'
  - value: '1332.89'
  - value: '1290.23'
  - value: '1241.13'
  - value: '1241.13'
  - value: '1128.75'
  - value: '1125.66'
  - value: '1122.72'
  - value: '1120.22'
  - value: '1118.35'
  - value: '1117.28'
  - value: '1118.79'
  - value: '1123.98'
  - value: '1133.75'
  - value: '1148.02'
  - value: '1164.51'
  - value: '1181.33'
  - value: '1195.6'
  - value: '1207.0'
  - value: '1216.14'
  - value: '1224.25'
  - value: '1232.71'
  - value: '1240.69'
  - value: '1248.68'
  - value: '1256.19'
  - value: '1263.81'
  - value: '1271.06'
  - value: '1277.83'
  - value: '1283.61'
  - value: '1287.45'
  - value: '1286.71'
  - value: '1280.12'
  - value: '1267.01'
  - value: '1237.6'
  - value: '1191.59'
  - value: '1133.4'
  - value: '1133.4'
