dependent_variables:
- header:
    name: $\sigma_{expected}$
    units: pb
  qualifiers:
  - name: Process
    value: $pp \rightarrow \tilde{\chi}_{1}^{0}\tilde{\chi}_{2}^{0}, \tilde{\chi}_{1}^{0}
      \rightarrow H/Z \tilde{G} , \tilde{\chi}_{2}^{0} \rightarrow \gamma \tilde{G}$
  values:
  - value: '0.0149484'
  - value: '0.00896857'
  - value: '0.00582861'
  - value: '0.00414722'
  - value: '0.00307042'
  - value: '0.00237061'
  - value: '0.00189745'
  - value: '0.0015026'
  - value: '0.0012611'
  - value: '0.00106818'
  - value: '0.000912708'
  - value: '0.00079725'
  - value: '0.000697151'
  - value: '0.000628241'
  - value: '0.000574189'
  - value: '0.000521192'
  - value: '0.000485813'
  - value: '0.000456036'
  - value: '0.000428339'
  - value: '0.000406936'
  - value: '0.000387372'
  - value: '0.000374282'
  - value: '0.000363727'
  - value: '0.000363727'
  - value: '-'
  - value: '-'
  - value: '-'
  - value: '-'
  - value: '-'
  - value: '-'
  - value: '-'
  - value: '-'
  - value: '-'
  - value: '-'
  - value: '-'
  - value: '-'
  - value: '-'
  - value: '-'
  - value: '-'
  - value: '-'
  - value: '-'
  - value: '-'
  - value: '-'
  - value: '-'
  - value: '-'
  - value: '-'
  - value: '-'
  - value: '-'
  - value: '-'
  - value: '-'
  - value: '-'
  - value: '-'
  - value: '-'
  - value: '-'
  - value: '-'
  - value: '-'
  - value: '-'
  - value: '-'
  - value: '-'
  - value: '-'
  - value: '-'
  - value: '-'
  - value: '-'
  - value: '-'
  - value: '-'
  - value: '-'
  - value: '-'
  - value: '-'
  - value: '-'
  - value: '-'
  - value: '-'
  - value: '-'
- header:
    name: $\sigma_{expected}$ - 1\sigma_{experiment}
    units: pb
  values:
  - value: '-'
  - value: '-'
  - value: '-'
  - value: '-'
  - value: '-'
  - value: '-'
  - value: '-'
  - value: '-'
  - value: '-'
  - value: '-'
  - value: '-'
  - value: '-'
  - value: '-'
  - value: '-'
  - value: '-'
  - value: '-'
  - value: '-'
  - value: '-'
  - value: '-'
  - value: '-'
  - value: '-'
  - value: '-'
  - value: '-'
  - value: '-'
  - value: '0.0108208'
  - value: '0.00647079'
  - value: '0.00420532'
  - value: '0.00299221'
  - value: '0.00220799'
  - value: '0.00170474'
  - value: '0.00135997'
  - value: '0.00107339'
  - value: '0.000896259'
  - value: '0.00075657'
  - value: '0.000646455'
  - value: '0.000562756'
  - value: '0.000492099'
  - value: '0.000441943'
  - value: '0.000402535'
  - value: '0.000365382'
  - value: '0.000338741'
  - value: '0.000316865'
  - value: '0.00029762'
  - value: '0.000284302'
  - value: '0.000270633'
  - value: '0.000259147'
  - value: '0.000252726'
  - value: '0.000252726'
  - value: '-'
  - value: '-'
  - value: '-'
  - value: '-'
  - value: '-'
  - value: '-'
  - value: '-'
  - value: '-'
  - value: '-'
  - value: '-'
  - value: '-'
  - value: '-'
  - value: '-'
  - value: '-'
  - value: '-'
  - value: '-'
  - value: '-'
  - value: '-'
  - value: '-'
  - value: '-'
  - value: '-'
  - value: '-'
  - value: '-'
  - value: '-'
- header:
    name: $\sigma_{expected}$ + 1\sigma_{experiment}
    units: pb
  values:
  - value: '-'
  - value: '-'
  - value: '-'
  - value: '-'
  - value: '-'
  - value: '-'
  - value: '-'
  - value: '-'
  - value: '-'
  - value: '-'
  - value: '-'
  - value: '-'
  - value: '-'
  - value: '-'
  - value: '-'
  - value: '-'
  - value: '-'
  - value: '-'
  - value: '-'
  - value: '-'
  - value: '-'
  - value: '-'
  - value: '-'
  - value: '-'
  - value: '-'
  - value: '-'
  - value: '-'
  - value: '-'
  - value: '-'
  - value: '-'
  - value: '-'
  - value: '-'
  - value: '-'
  - value: '-'
  - value: '-'
  - value: '-'
  - value: '-'
  - value: '-'
  - value: '-'
  - value: '-'
  - value: '-'
  - value: '-'
  - value: '-'
  - value: '-'
  - value: '-'
  - value: '-'
  - value: '-'
  - value: '-'
  - value: '0.0208473'
  - value: '0.0125077'
  - value: '0.00812868'
  - value: '0.00581686'
  - value: '0.00430654'
  - value: '0.00332499'
  - value: '0.00267648'
  - value: '0.00212549'
  - value: '0.00179395'
  - value: '0.0015195'
  - value: '0.00130198'
  - value: '0.00114364'
  - value: '0.00100561'
  - value: '0.000911215'
  - value: '0.000832818'
  - value: '0.000760104'
  - value: '0.000708507'
  - value: '0.000665081'
  - value: '0.000628102'
  - value: '0.000596718'
  - value: '0.000571118'
  - value: '0.000548835'
  - value: '0.000534807'
  - value: '0.000534807'
independent_variables:
- header:
    name: $m_{NLSP}$
    units: GeV
  values:
  - value: '350.0'
  - value: '400.0'
  - value: '450.0'
  - value: '500.0'
  - value: '550.0'
  - value: '600.0'
  - value: '650.0'
  - value: '700.0'
  - value: '750.0'
  - value: '800.0'
  - value: '850.0'
  - value: '900.0'
  - value: '950.0'
  - value: '1000.0'
  - value: '1050.0'
  - value: '1100.0'
  - value: '1150.0'
  - value: '1200.0'
  - value: '1250.0'
  - value: '1300.0'
  - value: '1350.0'
  - value: '1400.0'
  - value: '1450.0'
  - value: '1450.0'
  - value: '350.0'
  - value: '400.0'
  - value: '450.0'
  - value: '500.0'
  - value: '550.0'
  - value: '600.0'
  - value: '650.0'
  - value: '700.0'
  - value: '750.0'
  - value: '800.0'
  - value: '850.0'
  - value: '900.0'
  - value: '950.0'
  - value: '1000.0'
  - value: '1050.0'
  - value: '1100.0'
  - value: '1150.0'
  - value: '1200.0'
  - value: '1250.0'
  - value: '1300.0'
  - value: '1350.0'
  - value: '1400.0'
  - value: '1450.0'
  - value: '1450.0'
  - value: '350.0'
  - value: '400.0'
  - value: '450.0'
  - value: '500.0'
  - value: '550.0'
  - value: '600.0'
  - value: '650.0'
  - value: '700.0'
  - value: '750.0'
  - value: '800.0'
  - value: '850.0'
  - value: '900.0'
  - value: '950.0'
  - value: '1000.0'
  - value: '1050.0'
  - value: '1100.0'
  - value: '1150.0'
  - value: '1200.0'
  - value: '1250.0'
  - value: '1300.0'
  - value: '1350.0'
  - value: '1400.0'
  - value: '1450.0'
  - value: '1450.0'
