dependent_variables:
- header:
    name: max $m_{\tilde{\chi}_{1}^{0}}$ excluded
    units: GeV
  values:
  - value: '19.6565'
  - value: '31.2941'
  - value: '47.9236'
  - value: '68.7875'
  - value: '91.5936'
  - value: '115.941'
  - value: '141.062'
  - value: '169.039'
  - value: '201.263'
  - value: '241.103'
  - value: '287.017'
  - value: '336.452'
  - value: '385.722'
  - value: '430.441'
  - value: '471.644'
  - value: '508.583'
  - value: '546.777'
  - value: '587.234'
  - value: '632.129'
  - value: '679.765'
  - value: '725.976'
  - value: '771.246'
  - value: '813.051'
  - value: '849.913'
  - value: '883.546'
  - value: '914.948'
  - value: '951.433'
  - value: '991.965'
  - value: '1036.13'
  - value: '1081.75'
  - value: '1125.92'
  - value: '1172.97'
  - value: '1223.1'
  - value: '1276.44'
  - value: '1333.9'
  - value: '1389.58'
  - value: '1438.59'
  - value: '1479.26'
  - value: '1512.54'
  - value: '1543.55'
  - value: '1569.46'
  - value: '1589.25'
  - value: '1606.31'
  - value: '1625.05'
  - value: '1656.3'
  - value: '1697.01'
  - value: '1742.8'
  - value: '1787.12'
  - value: '1823.29'
  - value: '1849.92'
  - value: '1862.63'
  - value: '1865.99'
  - value: '1860.06'
  - value: '1837.59'
  - value: '1796.79'
  - value: '1742.35'
  - value: '1742.35'
  - value: '-'
  - value: '-'
  - value: '-'
  - value: '-'
  - value: '-'
  - value: '-'
  - value: '-'
  - value: '-'
  - value: '-'
  - value: '-'
  - value: '-'
  - value: '-'
  - value: '-'
  - value: '-'
  - value: '-'
  - value: '-'
  - value: '-'
  - value: '-'
  - value: '-'
  - value: '-'
  - value: '-'
  - value: '-'
  - value: '-'
  - value: '-'
  - value: '-'
  - value: '-'
  - value: '-'
  - value: '-'
  - value: '-'
  - value: '-'
  - value: '-'
  - value: '-'
  - value: '-'
  - value: '-'
  - value: '-'
  - value: '-'
  - value: '-'
  - value: '-'
  - value: '-'
  - value: '-'
  - value: '-'
  - value: '-'
  - value: '-'
  - value: '-'
  - value: '-'
  - value: '-'
  - value: '-'
  - value: '-'
  - value: '-'
  - value: '-'
  - value: '-'
  - value: '-'
  - value: '-'
  - value: '-'
  - value: '-'
  - value: '-'
  - value: '-'
  - value: '-'
  - value: '-'
  - value: '-'
  - value: '-'
  - value: '-'
  - value: '-'
  - value: '-'
  - value: '-'
  - value: '-'
  - value: '-'
  - value: '-'
  - value: '-'
  - value: '-'
  - value: '-'
  - value: '-'
  - value: '-'
  - value: '-'
  - value: '-'
  - value: '-'
  - value: '-'
  - value: '-'
  - value: '-'
  - value: '-'
  - value: '-'
  - value: '-'
  - value: '-'
  - value: '-'
  - value: '-'
  - value: '-'
  - value: '-'
  - value: '-'
  - value: '-'
  - value: '-'
  - value: '-'
  - value: '-'
  - value: '-'
  - value: '-'
  - value: '-'
  - value: '-'
  - value: '-'
  - value: '-'
  - value: '-'
  - value: '-'
  - value: '-'
  - value: '-'
  - value: '-'
  - value: '-'
  - value: '-'
  - value: '-'
  - value: '-'
  - value: '-'
  - value: '-'
  - value: '-'
  - value: '-'
  - value: '-'
  - value: '-'
  - value: '-'
- header:
    name: max $m_{\tilde{\chi}_{1}^{0}} - 1 \sigma$ excluded
    units: GeV
  values:
  - value: '-'
  - value: '-'
  - value: '-'
  - value: '-'
  - value: '-'
  - value: '-'
  - value: '-'
  - value: '-'
  - value: '-'
  - value: '-'
  - value: '-'
  - value: '-'
  - value: '-'
  - value: '-'
  - value: '-'
  - value: '-'
  - value: '-'
  - value: '-'
  - value: '-'
  - value: '-'
  - value: '-'
  - value: '-'
  - value: '-'
  - value: '-'
  - value: '-'
  - value: '-'
  - value: '-'
  - value: '-'
  - value: '-'
  - value: '-'
  - value: '-'
  - value: '-'
  - value: '-'
  - value: '-'
  - value: '-'
  - value: '-'
  - value: '-'
  - value: '-'
  - value: '-'
  - value: '-'
  - value: '-'
  - value: '-'
  - value: '-'
  - value: '-'
  - value: '-'
  - value: '-'
  - value: '-'
  - value: '-'
  - value: '-'
  - value: '-'
  - value: '-'
  - value: '-'
  - value: '-'
  - value: '-'
  - value: '-'
  - value: '-'
  - value: '-'
  - value: '18.4264'
  - value: '28.6986'
  - value: '44.3684'
  - value: '64.8383'
  - value: '88.0012'
  - value: '110.609'
  - value: '129.179'
  - value: '141.606'
  - value: '151.535'
  - value: '166.059'
  - value: '191.684'
  - value: '229.356'
  - value: '273.234'
  - value: '316.247'
  - value: '355.966'
  - value: '394.237'
  - value: '433.379'
  - value: '473.986'
  - value: '512.874'
  - value: '547.022'
  - value: '578.257'
  - value: '609.446'
  - value: '645.616'
  - value: '686.493'
  - value: '729.46'
  - value: '774.313'
  - value: '816.226'
  - value: '854.033'
  - value: '887.677'
  - value: '918.256'
  - value: '949.592'
  - value: '983.703'
  - value: '1023.36'
  - value: '1070.01'
  - value: '1120.85'
  - value: '1173.99'
  - value: '1226.89'
  - value: '1278.06'
  - value: '1327.94'
  - value: '1375.92'
  - value: '1419.57'
  - value: '1461.74'
  - value: '1502.21'
  - value: '1539.13'
  - value: '1568.98'
  - value: '1591.27'
  - value: '1612.54'
  - value: '1635.58'
  - value: '1667.11'
  - value: '1704.5'
  - value: '1748.72'
  - value: '1794.81'
  - value: '1841.32'
  - value: '1885.16'
  - value: '1919.97'
  - value: '1944.97'
  - value: '1955.8'
  - value: '1956.98'
  - value: '1941.49'
  - value: '1911.18'
  - value: '1869.4'
  - value: '1869.4'
  - value: '-'
  - value: '-'
  - value: '-'
  - value: '-'
  - value: '-'
  - value: '-'
  - value: '-'
  - value: '-'
  - value: '-'
  - value: '-'
  - value: '-'
  - value: '-'
  - value: '-'
  - value: '-'
  - value: '-'
  - value: '-'
  - value: '-'
  - value: '-'
  - value: '-'
  - value: '-'
  - value: '-'
  - value: '-'
  - value: '-'
  - value: '-'
  - value: '-'
  - value: '-'
  - value: '-'
  - value: '-'
  - value: '-'
  - value: '-'
  - value: '-'
  - value: '-'
  - value: '-'
  - value: '-'
  - value: '-'
  - value: '-'
  - value: '-'
  - value: '-'
  - value: '-'
  - value: '-'
  - value: '-'
  - value: '-'
  - value: '-'
  - value: '-'
  - value: '-'
  - value: '-'
  - value: '-'
  - value: '-'
  - value: '-'
  - value: '-'
  - value: '-'
  - value: '-'
- header:
    name: max $m_{\tilde{\chi}_{1}^{0}} + 1 \sigma$ excluded
    units: GeV
  values:
  - value: '-'
  - value: '-'
  - value: '-'
  - value: '-'
  - value: '-'
  - value: '-'
  - value: '-'
  - value: '-'
  - value: '-'
  - value: '-'
  - value: '-'
  - value: '-'
  - value: '-'
  - value: '-'
  - value: '-'
  - value: '-'
  - value: '-'
  - value: '-'
  - value: '-'
  - value: '-'
  - value: '-'
  - value: '-'
  - value: '-'
  - value: '-'
  - value: '-'
  - value: '-'
  - value: '-'
  - value: '-'
  - value: '-'
  - value: '-'
  - value: '-'
  - value: '-'
  - value: '-'
  - value: '-'
  - value: '-'
  - value: '-'
  - value: '-'
  - value: '-'
  - value: '-'
  - value: '-'
  - value: '-'
  - value: '-'
  - value: '-'
  - value: '-'
  - value: '-'
  - value: '-'
  - value: '-'
  - value: '-'
  - value: '-'
  - value: '-'
  - value: '-'
  - value: '-'
  - value: '-'
  - value: '-'
  - value: '-'
  - value: '-'
  - value: '-'
  - value: '-'
  - value: '-'
  - value: '-'
  - value: '-'
  - value: '-'
  - value: '-'
  - value: '-'
  - value: '-'
  - value: '-'
  - value: '-'
  - value: '-'
  - value: '-'
  - value: '-'
  - value: '-'
  - value: '-'
  - value: '-'
  - value: '-'
  - value: '-'
  - value: '-'
  - value: '-'
  - value: '-'
  - value: '-'
  - value: '-'
  - value: '-'
  - value: '-'
  - value: '-'
  - value: '-'
  - value: '-'
  - value: '-'
  - value: '-'
  - value: '-'
  - value: '-'
  - value: '-'
  - value: '-'
  - value: '-'
  - value: '-'
  - value: '-'
  - value: '-'
  - value: '-'
  - value: '-'
  - value: '-'
  - value: '-'
  - value: '-'
  - value: '-'
  - value: '-'
  - value: '-'
  - value: '-'
  - value: '-'
  - value: '-'
  - value: '-'
  - value: '-'
  - value: '-'
  - value: '-'
  - value: '-'
  - value: '-'
  - value: '-'
  - value: '-'
  - value: '-'
  - value: '-'
  - value: '-'
  - value: '-'
  - value: '-'
  - value: '20.6986'
  - value: '33.1395'
  - value: '50.1027'
  - value: '71.3469'
  - value: '94.404'
  - value: '118.935'
  - value: '143.92'
  - value: '167.705'
  - value: '192.433'
  - value: '218.442'
  - value: '248.835'
  - value: '284.531'
  - value: '322.592'
  - value: '357.627'
  - value: '390.014'
  - value: '422.504'
  - value: '462.144'
  - value: '506.127'
  - value: '547.714'
  - value: '578.358'
  - value: '600.962'
  - value: '628.169'
  - value: '667.059'
  - value: '716.189'
  - value: '768.292'
  - value: '816.562'
  - value: '858.595'
  - value: '898.013'
  - value: '938.139'
  - value: '982.266'
  - value: '1030.48'
  - value: '1080.9'
  - value: '1129.88'
  - value: '1177.5'
  - value: '1223.8'
  - value: '1271.39'
  - value: '1318.24'
  - value: '1366.77'
  - value: '1414.97'
  - value: '1463.99'
  - value: '1511.76'
  - value: '1559.98'
  - value: '1611.85'
  - value: '1665.08'
  - value: '1714.84'
  - value: '1750.14'
  - value: '1768.72'
  - value: '1764.08'
  - value: '1734.92'
  - value: '1685.33'
  - value: '1627.94'
  - value: '1627.94'
independent_variables:
- header:
    name: $m_{\tilde{g}}$
    units: GeV
  values:
  - value: '2029.0'
  - value: '2026.68'
  - value: '2023.08'
  - value: '2019.6'
  - value: '2018.41'
  - value: '2021.95'
  - value: '2029.69'
  - value: '2040.22'
  - value: '2051.33'
  - value: '2063.54'
  - value: '2077.17'
  - value: '2091.63'
  - value: '2105.68'
  - value: '2117.42'
  - value: '2127.57'
  - value: '2136.45'
  - value: '2145.37'
  - value: '2153.76'
  - value: '2161.13'
  - value: '2167.76'
  - value: '2173.59'
  - value: '2179.87'
  - value: '2186.47'
  - value: '2192.73'
  - value: '2197.71'
  - value: '2200.92'
  - value: '2203.75'
  - value: '2207.2'
  - value: '2212.21'
  - value: '2218.16'
  - value: '2223.63'
  - value: '2227.92'
  - value: '2231.03'
  - value: '2233.79'
  - value: '2237.02'
  - value: '2240.53'
  - value: '2243.87'
  - value: '2246.46'
  - value: '2248.09'
  - value: '2249.17'
  - value: '2249.82'
  - value: '2250.24'
  - value: '2249.99'
  - value: '2248.95'
  - value: '2247.36'
  - value: '2245.72'
  - value: '2241.43'
  - value: '2231.63'
  - value: '2214.08'
  - value: '2189.47'
  - value: '2162.78'
  - value: '2138.66'
  - value: '2118.54'
  - value: '2089.67'
  - value: '2046.79'
  - value: '1992.35'
  - value: '1992.35'
  - value: '2138.52'
  - value: '2135.39'
  - value: '2131.13'
  - value: '2127.01'
  - value: '2126.12'
  - value: '2129.51'
  - value: '2136.65'
  - value: '2144.02'
  - value: '2149.38'
  - value: '2153.63'
  - value: '2159.04'
  - value: '2167.97'
  - value: '2179.59'
  - value: '2191.86'
  - value: '2202.83'
  - value: '2211.59'
  - value: '2218.67'
  - value: '2225.61'
  - value: '2233.27'
  - value: '2241.39'
  - value: '2248.67'
  - value: '2254.08'
  - value: '2258.47'
  - value: '2263.26'
  - value: '2269.47'
  - value: '2277.17'
  - value: '2284.91'
  - value: '2291.69'
  - value: '2296.69'
  - value: '2299.91'
  - value: '2302.16'
  - value: '2304.45'
  - value: '2307.81'
  - value: '2312.25'
  - value: '2317.08'
  - value: '2321.72'
  - value: '2325.98'
  - value: '2329.71'
  - value: '2333.06'
  - value: '2335.83'
  - value: '2337.99'
  - value: '2340.27'
  - value: '2343.05'
  - value: '2346.33'
  - value: '2349.47'
  - value: '2351.42'
  - value: '2351.67'
  - value: '2350.32'
  - value: '2348.44'
  - value: '2346.96'
  - value: '2345.99'
  - value: '2345.04'
  - value: '2340.81'
  - value: '2330.15'
  - value: '2311.88'
  - value: '2286.37'
  - value: '2258.43'
  - value: '2232.05'
  - value: '2201.37'
  - value: '2163.85'
  - value: '2119.4'
  - value: '2119.4'
  - value: '1918.79'
  - value: '1916.51'
  - value: '1914.05'
  - value: '1912.07'
  - value: '1911.71'
  - value: '1914.68'
  - value: '1921.15'
  - value: '1929.97'
  - value: '1939.53'
  - value: '1948.84'
  - value: '1958.37'
  - value: '1968.56'
  - value: '1978.92'
  - value: '1988.12'
  - value: '1996.93'
  - value: '2006.24'
  - value: '2017.61'
  - value: '2029.55'
  - value: '2039.94'
  - value: '2046.95'
  - value: '2051.01'
  - value: '2055.26'
  - value: '2061.05'
  - value: '2068.59'
  - value: '2076.48'
  - value: '2083.29'
  - value: '2088.66'
  - value: '2093.45'
  - value: '2098.52'
  - value: '2104.31'
  - value: '2110.23'
  - value: '2115.59'
  - value: '2119.75'
  - value: '2123.1'
  - value: '2126.2'
  - value: '2129.14'
  - value: '2131.63'
  - value: '2133.6'
  - value: '2135.22'
  - value: '2137.1'
  - value: '2139.23'
  - value: '2140.82'
  - value: '2138.55'
  - value: '2130.03'
  - value: '2113.69'
  - value: '2090.78'
  - value: '2065.93'
  - value: '2035.26'
  - value: '1992.94'
  - value: '1937.21'
  - value: '1877.94'
  - value: '1877.94'
