dependent_variables:
- header:
    name: $\sigma_{expected}$
    units: pb
  qualifiers:
  - name: Process
    value: $pp \rightarrow \tilde{\chi}_{1}^{\pm}\tilde{\chi}_{2}^{0} / \tilde{\chi}_{1}^{\pm}\tilde{\chi}_{1}^{\pm}$,
      $\tilde{\chi}_{1}^{\pm} \rightarrow W^{\pm} \tilde{G} , \tilde{\chi}_{2}^{0}
      \rightarrow \gamma \tilde{G}$
  values:
  - value: '0.0262498'
  - value: '0.0187165'
  - value: '0.0135339'
  - value: '0.0102629'
  - value: '0.00807607'
  - value: '0.0066907'
  - value: '0.00566336'
  - value: '0.00471467'
  - value: '0.00410911'
  - value: '0.00358351'
  - value: '0.00312917'
  - value: '0.00276393'
  - value: '0.00248712'
  - value: '0.00225452'
  - value: '0.00205088'
  - value: '0.00186622'
  - value: '0.00169752'
  - value: '0.00156031'
  - value: '0.0014264'
  - value: '0.00132397'
  - value: '0.00121323'
  - value: '0.00113856'
  - value: '0.00105896'
  - value: '0.000965882'
  - value: '0.000917349'
  - value: '0.000843978'
  - value: '0.000804621'
  - value: '0.000760053'
  - value: '0.00071841'
  - value: '0.000682791'
  - value: '0.000641789'
  - value: '0.000619764'
  - value: '0.000592754'
  - value: '0.000567169'
  - value: '0.000544808'
  - value: '0.000523457'
  - value: '0.000511916'
  - value: '0.000497903'
  - value: '0.000479597'
  - value: '0.000470538'
  - value: '0.000455821'
  - value: '0.000442731'
  - value: '0.000437364'
  - value: '0.000422889'
  - value: '0.000415408'
  - value: '0.000409843'
  - value: '0.000400516'
  - value: '0.000400516'
  - value: '-'
  - value: '-'
  - value: '-'
  - value: '-'
  - value: '-'
  - value: '-'
  - value: '-'
  - value: '-'
  - value: '-'
  - value: '-'
  - value: '-'
  - value: '-'
  - value: '-'
  - value: '-'
  - value: '-'
  - value: '-'
  - value: '-'
  - value: '-'
  - value: '-'
  - value: '-'
  - value: '-'
  - value: '-'
  - value: '-'
  - value: '-'
  - value: '-'
  - value: '-'
  - value: '-'
  - value: '-'
  - value: '-'
  - value: '-'
  - value: '-'
  - value: '-'
  - value: '-'
  - value: '-'
  - value: '-'
  - value: '-'
  - value: '-'
  - value: '-'
  - value: '-'
  - value: '-'
  - value: '-'
  - value: '-'
  - value: '-'
  - value: '-'
  - value: '-'
  - value: '-'
  - value: '-'
  - value: '-'
  - value: '-'
  - value: '-'
  - value: '-'
  - value: '-'
  - value: '-'
  - value: '-'
  - value: '-'
  - value: '-'
  - value: '-'
  - value: '-'
  - value: '-'
  - value: '-'
  - value: '-'
  - value: '-'
  - value: '-'
  - value: '-'
  - value: '-'
  - value: '-'
  - value: '-'
  - value: '-'
  - value: '-'
  - value: '-'
  - value: '-'
  - value: '-'
  - value: '-'
  - value: '-'
  - value: '-'
  - value: '-'
  - value: '-'
  - value: '-'
  - value: '-'
  - value: '-'
  - value: '-'
  - value: '-'
  - value: '-'
  - value: '-'
  - value: '-'
  - value: '-'
  - value: '-'
  - value: '-'
  - value: '-'
  - value: '-'
  - value: '-'
  - value: '-'
  - value: '-'
  - value: '-'
  - value: '-'
  - value: '-'
- header:
    name: $\sigma_{expected}$ - 1\sigma_{experiment}
    units: pb
  values:
  - value: '-'
  - value: '-'
  - value: '-'
  - value: '-'
  - value: '-'
  - value: '-'
  - value: '-'
  - value: '-'
  - value: '-'
  - value: '-'
  - value: '-'
  - value: '-'
  - value: '-'
  - value: '-'
  - value: '-'
  - value: '-'
  - value: '-'
  - value: '-'
  - value: '-'
  - value: '-'
  - value: '-'
  - value: '-'
  - value: '-'
  - value: '-'
  - value: '-'
  - value: '-'
  - value: '-'
  - value: '-'
  - value: '-'
  - value: '-'
  - value: '-'
  - value: '-'
  - value: '-'
  - value: '-'
  - value: '-'
  - value: '-'
  - value: '-'
  - value: '-'
  - value: '-'
  - value: '-'
  - value: '-'
  - value: '-'
  - value: '-'
  - value: '-'
  - value: '-'
  - value: '-'
  - value: '-'
  - value: '-'
  - value: '0.0188767'
  - value: '0.0134594'
  - value: '0.00973248'
  - value: '0.0073802'
  - value: '0.00580764'
  - value: '0.00481139'
  - value: '0.00405913'
  - value: '0.00336205'
  - value: '0.00294013'
  - value: '0.00255542'
  - value: '0.00224279'
  - value: '0.00197097'
  - value: '0.00177358'
  - value: '0.00160771'
  - value: '0.00145755'
  - value: '0.00132631'
  - value: '0.00120642'
  - value: '0.00110514'
  - value: '0.0010103'
  - value: '0.000934551'
  - value: '0.000856381'
  - value: '0.000800935'
  - value: '0.000742385'
  - value: '0.000673476'
  - value: '0.000637396'
  - value: '0.000584356'
  - value: '0.000557106'
  - value: '0.000524392'
  - value: '0.000493907'
  - value: '0.000469419'
  - value: '0.00044123'
  - value: '0.000426088'
  - value: '0.000405203'
  - value: '0.000387713'
  - value: '0.000372427'
  - value: '0.000359877'
  - value: '0.000349943'
  - value: '0.000341093'
  - value: '0.000328552'
  - value: '0.000320494'
  - value: '0.000310469'
  - value: '0.000301554'
  - value: '0.000297898'
  - value: '0.000288039'
  - value: '0.000284579'
  - value: '0.000280766'
  - value: '0.0002728'
  - value: '0.0002728'
  - value: '-'
  - value: '-'
  - value: '-'
  - value: '-'
  - value: '-'
  - value: '-'
  - value: '-'
  - value: '-'
  - value: '-'
  - value: '-'
  - value: '-'
  - value: '-'
  - value: '-'
  - value: '-'
  - value: '-'
  - value: '-'
  - value: '-'
  - value: '-'
  - value: '-'
  - value: '-'
  - value: '-'
  - value: '-'
  - value: '-'
  - value: '-'
  - value: '-'
  - value: '-'
  - value: '-'
  - value: '-'
  - value: '-'
  - value: '-'
  - value: '-'
  - value: '-'
  - value: '-'
  - value: '-'
  - value: '-'
  - value: '-'
  - value: '-'
  - value: '-'
  - value: '-'
  - value: '-'
  - value: '-'
  - value: '-'
  - value: '-'
  - value: '-'
  - value: '-'
  - value: '-'
  - value: '-'
  - value: '-'
- header:
    name: $\sigma_{expected}$ + 1\sigma_{experiment}
    units: pb
  values:
  - value: '-'
  - value: '-'
  - value: '-'
  - value: '-'
  - value: '-'
  - value: '-'
  - value: '-'
  - value: '-'
  - value: '-'
  - value: '-'
  - value: '-'
  - value: '-'
  - value: '-'
  - value: '-'
  - value: '-'
  - value: '-'
  - value: '-'
  - value: '-'
  - value: '-'
  - value: '-'
  - value: '-'
  - value: '-'
  - value: '-'
  - value: '-'
  - value: '-'
  - value: '-'
  - value: '-'
  - value: '-'
  - value: '-'
  - value: '-'
  - value: '-'
  - value: '-'
  - value: '-'
  - value: '-'
  - value: '-'
  - value: '-'
  - value: '-'
  - value: '-'
  - value: '-'
  - value: '-'
  - value: '-'
  - value: '-'
  - value: '-'
  - value: '-'
  - value: '-'
  - value: '-'
  - value: '-'
  - value: '-'
  - value: '-'
  - value: '-'
  - value: '-'
  - value: '-'
  - value: '-'
  - value: '-'
  - value: '-'
  - value: '-'
  - value: '-'
  - value: '-'
  - value: '-'
  - value: '-'
  - value: '-'
  - value: '-'
  - value: '-'
  - value: '-'
  - value: '-'
  - value: '-'
  - value: '-'
  - value: '-'
  - value: '-'
  - value: '-'
  - value: '-'
  - value: '-'
  - value: '-'
  - value: '-'
  - value: '-'
  - value: '-'
  - value: '-'
  - value: '-'
  - value: '-'
  - value: '-'
  - value: '-'
  - value: '-'
  - value: '-'
  - value: '-'
  - value: '-'
  - value: '-'
  - value: '-'
  - value: '-'
  - value: '-'
  - value: '-'
  - value: '-'
  - value: '-'
  - value: '-'
  - value: '-'
  - value: '-'
  - value: '-'
  - value: '0.0367131'
  - value: '0.0260278'
  - value: '0.0190365'
  - value: '0.0144355'
  - value: '0.0113596'
  - value: '0.00941098'
  - value: '0.00794338'
  - value: '0.00665034'
  - value: '0.00581254'
  - value: '0.00505477'
  - value: '0.00443883'
  - value: '0.00390972'
  - value: '0.00352807'
  - value: '0.00319812'
  - value: '0.00290925'
  - value: '0.00266218'
  - value: '0.00242153'
  - value: '0.00223201'
  - value: '0.00204614'
  - value: '0.00190448'
  - value: '0.00175485'
  - value: '0.0016514'
  - value: '0.00154016'
  - value: '0.00141634'
  - value: '0.00134517'
  - value: '0.00124431'
  - value: '0.00118628'
  - value: '0.00112361'
  - value: '0.00106491'
  - value: '0.00101755'
  - value: '0.000956447'
  - value: '0.000923623'
  - value: '0.000885735'
  - value: '0.000847504'
  - value: '0.000816262'
  - value: '0.000786359'
  - value: '0.000769022'
  - value: '0.00074797'
  - value: '0.00072047'
  - value: '0.000706862'
  - value: '0.000684753'
  - value: '0.000663324'
  - value: '0.00065877'
  - value: '0.000635282'
  - value: '0.0006257'
  - value: '0.000617316'
  - value: '0.000603269'
  - value: '0.000603269'
independent_variables:
- header:
    name: $m_{NLSP}$
    units: GeV
  values:
  - value: '325.0'
  - value: '350.0'
  - value: '375.0'
  - value: '400.0'
  - value: '425.0'
  - value: '450.0'
  - value: '475.0'
  - value: '500.0'
  - value: '525.0'
  - value: '550.0'
  - value: '575.0'
  - value: '600.0'
  - value: '625.0'
  - value: '650.0'
  - value: '675.0'
  - value: '700.0'
  - value: '725.0'
  - value: '750.0'
  - value: '775.0'
  - value: '800.0'
  - value: '825.0'
  - value: '850.0'
  - value: '875.0'
  - value: '900.0'
  - value: '925.0'
  - value: '950.0'
  - value: '975.0'
  - value: '1000.0'
  - value: '1025.0'
  - value: '1050.0'
  - value: '1075.0'
  - value: '1100.0'
  - value: '1125.0'
  - value: '1150.0'
  - value: '1175.0'
  - value: '1200.0'
  - value: '1225.0'
  - value: '1250.0'
  - value: '1275.0'
  - value: '1300.0'
  - value: '1325.0'
  - value: '1350.0'
  - value: '1375.0'
  - value: '1400.0'
  - value: '1425.0'
  - value: '1450.0'
  - value: '1475.0'
  - value: '1475.0'
  - value: '325.0'
  - value: '350.0'
  - value: '375.0'
  - value: '400.0'
  - value: '425.0'
  - value: '450.0'
  - value: '475.0'
  - value: '500.0'
  - value: '525.0'
  - value: '550.0'
  - value: '575.0'
  - value: '600.0'
  - value: '625.0'
  - value: '650.0'
  - value: '675.0'
  - value: '700.0'
  - value: '725.0'
  - value: '750.0'
  - value: '775.0'
  - value: '800.0'
  - value: '825.0'
  - value: '850.0'
  - value: '875.0'
  - value: '900.0'
  - value: '925.0'
  - value: '950.0'
  - value: '975.0'
  - value: '1000.0'
  - value: '1025.0'
  - value: '1050.0'
  - value: '1075.0'
  - value: '1100.0'
  - value: '1125.0'
  - value: '1150.0'
  - value: '1175.0'
  - value: '1200.0'
  - value: '1225.0'
  - value: '1250.0'
  - value: '1275.0'
  - value: '1300.0'
  - value: '1325.0'
  - value: '1350.0'
  - value: '1375.0'
  - value: '1400.0'
  - value: '1425.0'
  - value: '1450.0'
  - value: '1475.0'
  - value: '1475.0'
  - value: '325.0'
  - value: '350.0'
  - value: '375.0'
  - value: '400.0'
  - value: '425.0'
  - value: '450.0'
  - value: '475.0'
  - value: '500.0'
  - value: '525.0'
  - value: '550.0'
  - value: '575.0'
  - value: '600.0'
  - value: '625.0'
  - value: '650.0'
  - value: '675.0'
  - value: '700.0'
  - value: '725.0'
  - value: '750.0'
  - value: '775.0'
  - value: '800.0'
  - value: '825.0'
  - value: '850.0'
  - value: '875.0'
  - value: '900.0'
  - value: '925.0'
  - value: '950.0'
  - value: '975.0'
  - value: '1000.0'
  - value: '1025.0'
  - value: '1050.0'
  - value: '1075.0'
  - value: '1100.0'
  - value: '1125.0'
  - value: '1150.0'
  - value: '1175.0'
  - value: '1200.0'
  - value: '1225.0'
  - value: '1250.0'
  - value: '1275.0'
  - value: '1300.0'
  - value: '1325.0'
  - value: '1350.0'
  - value: '1375.0'
  - value: '1400.0'
  - value: '1425.0'
  - value: '1450.0'
  - value: '1475.0'
  - value: '1475.0'
