dependent_variables:
- header:
    name: max $m_{\tilde{\chi}_{1}^{0}}$ excluded
    units: GeV
  values:
  - value: '19.5782'
  - value: '30.0382'
  - value: '46.9498'
  - value: '70.5438'
  - value: '98.3108'
  - value: '124.801'
  - value: '146.057'
  - value: '162.239'
  - value: '179.705'
  - value: '204.37'
  - value: '236.932'
  - value: '272.506'
  - value: '305.53'
  - value: '334.58'
  - value: '361.16'
  - value: '391.458'
  - value: '427.33'
  - value: '467.221'
  - value: '507.448'
  - value: '548.292'
  - value: '590.368'
  - value: '635.819'
  - value: '683.448'
  - value: '728.937'
  - value: '772.187'
  - value: '811.636'
  - value: '847.424'
  - value: '881.089'
  - value: '913.464'
  - value: '951.746'
  - value: '993.959'
  - value: '1043.18'
  - value: '1094.05'
  - value: '1139.25'
  - value: '1174.3'
  - value: '1198.02'
  - value: '1219.62'
  - value: '1245.55'
  - value: '1281.8'
  - value: '1326.1'
  - value: '1375.91'
  - value: '1428.9'
  - value: '1482.16'
  - value: '1536.49'
  - value: '1589.21'
  - value: '1637.04'
  - value: '1674.12'
  - value: '1701.66'
  - value: '1727.58'
  - value: '1761.87'
  - value: '1806.11'
  - value: '1853.26'
  - value: '1895.85'
  - value: '1929.8'
  - value: '1958.73'
  - value: '1983.71'
  - value: '2009.26'
  - value: '2034.99'
  - value: '2060.16'
  - value: '2081.14'
  - value: '2095.5'
  - value: '2099.48'
  - value: '2096.11'
  - value: '2088.04'
  - value: '2080.02'
  - value: '2073.62'
  - value: '2070.34'
  - value: '2071.83'
  - value: '2076.78'
  - value: '2084.16'
  - value: '2086.09'
  - value: '2078.7'
  - value: '2059.59'
  - value: '2031.95'
  - value: '2001.24'
  - value: '1968.55'
  - value: '1937.77'
  - value: '1909.89'
  - value: '1909.89'
  - value: '-'
  - value: '-'
  - value: '-'
  - value: '-'
  - value: '-'
  - value: '-'
  - value: '-'
  - value: '-'
  - value: '-'
  - value: '-'
  - value: '-'
  - value: '-'
  - value: '-'
  - value: '-'
  - value: '-'
  - value: '-'
  - value: '-'
  - value: '-'
  - value: '-'
  - value: '-'
  - value: '-'
  - value: '-'
  - value: '-'
  - value: '-'
  - value: '-'
  - value: '-'
  - value: '-'
  - value: '-'
  - value: '-'
  - value: '-'
  - value: '-'
  - value: '-'
  - value: '-'
  - value: '-'
  - value: '-'
  - value: '-'
  - value: '-'
  - value: '-'
  - value: '-'
  - value: '-'
  - value: '-'
  - value: '-'
  - value: '-'
  - value: '-'
  - value: '-'
  - value: '-'
  - value: '-'
  - value: '-'
  - value: '-'
  - value: '-'
  - value: '-'
  - value: '-'
  - value: '-'
  - value: '-'
  - value: '-'
  - value: '-'
  - value: '-'
  - value: '-'
  - value: '-'
  - value: '-'
  - value: '-'
  - value: '-'
  - value: '-'
  - value: '-'
  - value: '-'
  - value: '-'
  - value: '-'
  - value: '-'
  - value: '-'
  - value: '-'
  - value: '-'
  - value: '-'
  - value: '-'
  - value: '-'
  - value: '-'
  - value: '-'
  - value: '-'
  - value: '-'
  - value: '-'
  - value: '-'
  - value: '-'
  - value: '-'
  - value: '-'
  - value: '-'
  - value: '-'
  - value: '-'
  - value: '-'
  - value: '-'
  - value: '-'
  - value: '-'
  - value: '-'
  - value: '-'
  - value: '-'
  - value: '-'
  - value: '-'
  - value: '-'
  - value: '-'
  - value: '-'
  - value: '-'
  - value: '-'
  - value: '-'
  - value: '-'
  - value: '-'
  - value: '-'
  - value: '-'
  - value: '-'
  - value: '-'
  - value: '-'
  - value: '-'
  - value: '-'
  - value: '-'
  - value: '-'
  - value: '-'
  - value: '-'
  - value: '-'
  - value: '-'
  - value: '-'
  - value: '-'
  - value: '-'
  - value: '-'
  - value: '-'
  - value: '-'
  - value: '-'
  - value: '-'
  - value: '-'
  - value: '-'
  - value: '-'
  - value: '-'
  - value: '-'
  - value: '-'
  - value: '-'
  - value: '-'
  - value: '-'
  - value: '-'
  - value: '-'
  - value: '-'
  - value: '-'
  - value: '-'
  - value: '-'
  - value: '-'
  - value: '-'
  - value: '-'
  - value: '-'
  - value: '-'
  - value: '-'
- header:
    name: max $m_{\tilde{\chi}_{1}^{0}} - 1 \sigma$ excluded
    units: GeV
  values:
  - value: '-'
  - value: '-'
  - value: '-'
  - value: '-'
  - value: '-'
  - value: '-'
  - value: '-'
  - value: '-'
  - value: '-'
  - value: '-'
  - value: '-'
  - value: '-'
  - value: '-'
  - value: '-'
  - value: '-'
  - value: '-'
  - value: '-'
  - value: '-'
  - value: '-'
  - value: '-'
  - value: '-'
  - value: '-'
  - value: '-'
  - value: '-'
  - value: '-'
  - value: '-'
  - value: '-'
  - value: '-'
  - value: '-'
  - value: '-'
  - value: '-'
  - value: '-'
  - value: '-'
  - value: '-'
  - value: '-'
  - value: '-'
  - value: '-'
  - value: '-'
  - value: '-'
  - value: '-'
  - value: '-'
  - value: '-'
  - value: '-'
  - value: '-'
  - value: '-'
  - value: '-'
  - value: '-'
  - value: '-'
  - value: '-'
  - value: '-'
  - value: '-'
  - value: '-'
  - value: '-'
  - value: '-'
  - value: '-'
  - value: '-'
  - value: '-'
  - value: '-'
  - value: '-'
  - value: '-'
  - value: '-'
  - value: '-'
  - value: '-'
  - value: '-'
  - value: '-'
  - value: '-'
  - value: '-'
  - value: '-'
  - value: '-'
  - value: '-'
  - value: '-'
  - value: '-'
  - value: '-'
  - value: '-'
  - value: '-'
  - value: '-'
  - value: '-'
  - value: '-'
  - value: '-'
  - value: '21.8944'
  - value: '32.1705'
  - value: '45.3319'
  - value: '62.3076'
  - value: '84.5444'
  - value: '110.362'
  - value: '136.959'
  - value: '160.544'
  - value: '179.222'
  - value: '196.99'
  - value: '217.521'
  - value: '244.352'
  - value: '278.371'
  - value: '315.771'
  - value: '354.743'
  - value: '393.553'
  - value: '437.347'
  - value: '485.275'
  - value: '532.349'
  - value: '575.164'
  - value: '610.678'
  - value: '641.768'
  - value: '672.877'
  - value: '706.387'
  - value: '744.049'
  - value: '785.211'
  - value: '829.484'
  - value: '876.544'
  - value: '922.335'
  - value: '969.741'
  - value: '1015.01'
  - value: '1061.69'
  - value: '1108.0'
  - value: '1152.85'
  - value: '1195.34'
  - value: '1231.5'
  - value: '1262.86'
  - value: '1291.72'
  - value: '1323.01'
  - value: '1362.23'
  - value: '1407.72'
  - value: '1457.19'
  - value: '1503.87'
  - value: '1541.76'
  - value: '1576.11'
  - value: '1607.55'
  - value: '1640.29'
  - value: '1669.22'
  - value: '1696.45'
  - value: '1727.13'
  - value: '1767.41'
  - value: '1816.18'
  - value: '1870.25'
  - value: '1923.91'
  - value: '1975.53'
  - value: '2022.55'
  - value: '2059.46'
  - value: '2088.29'
  - value: '2111.37'
  - value: '2133.47'
  - value: '2150.19'
  - value: '2158.59'
  - value: '2159.06'
  - value: '2156.15'
  - value: '2152.11'
  - value: '2144.73'
  - value: '2126.65'
  - value: '2095.83'
  - value: '2051.58'
  - value: '2001.9'
  - value: '1955.74'
  - value: '1955.74'
  - value: '-'
  - value: '-'
  - value: '-'
  - value: '-'
  - value: '-'
  - value: '-'
  - value: '-'
  - value: '-'
  - value: '-'
  - value: '-'
  - value: '-'
  - value: '-'
  - value: '-'
  - value: '-'
  - value: '-'
  - value: '-'
  - value: '-'
  - value: '-'
  - value: '-'
  - value: '-'
  - value: '-'
  - value: '-'
  - value: '-'
  - value: '-'
  - value: '-'
  - value: '-'
  - value: '-'
  - value: '-'
  - value: '-'
  - value: '-'
  - value: '-'
  - value: '-'
  - value: '-'
  - value: '-'
  - value: '-'
  - value: '-'
  - value: '-'
  - value: '-'
  - value: '-'
  - value: '-'
  - value: '-'
  - value: '-'
  - value: '-'
  - value: '-'
  - value: '-'
  - value: '-'
  - value: '-'
  - value: '-'
  - value: '-'
  - value: '-'
  - value: '-'
  - value: '-'
  - value: '-'
  - value: '-'
  - value: '-'
  - value: '-'
  - value: '-'
  - value: '-'
  - value: '-'
  - value: '-'
  - value: '-'
  - value: '-'
  - value: '-'
  - value: '-'
  - value: '-'
  - value: '-'
  - value: '-'
  - value: '-'
  - value: '-'
  - value: '-'
  - value: '-'
  - value: '-'
  - value: '-'
- header:
    name: max $m_{\tilde{\chi}_{1}^{0}} + 1 \sigma$ excluded
    units: GeV
  values:
  - value: '-'
  - value: '-'
  - value: '-'
  - value: '-'
  - value: '-'
  - value: '-'
  - value: '-'
  - value: '-'
  - value: '-'
  - value: '-'
  - value: '-'
  - value: '-'
  - value: '-'
  - value: '-'
  - value: '-'
  - value: '-'
  - value: '-'
  - value: '-'
  - value: '-'
  - value: '-'
  - value: '-'
  - value: '-'
  - value: '-'
  - value: '-'
  - value: '-'
  - value: '-'
  - value: '-'
  - value: '-'
  - value: '-'
  - value: '-'
  - value: '-'
  - value: '-'
  - value: '-'
  - value: '-'
  - value: '-'
  - value: '-'
  - value: '-'
  - value: '-'
  - value: '-'
  - value: '-'
  - value: '-'
  - value: '-'
  - value: '-'
  - value: '-'
  - value: '-'
  - value: '-'
  - value: '-'
  - value: '-'
  - value: '-'
  - value: '-'
  - value: '-'
  - value: '-'
  - value: '-'
  - value: '-'
  - value: '-'
  - value: '-'
  - value: '-'
  - value: '-'
  - value: '-'
  - value: '-'
  - value: '-'
  - value: '-'
  - value: '-'
  - value: '-'
  - value: '-'
  - value: '-'
  - value: '-'
  - value: '-'
  - value: '-'
  - value: '-'
  - value: '-'
  - value: '-'
  - value: '-'
  - value: '-'
  - value: '-'
  - value: '-'
  - value: '-'
  - value: '-'
  - value: '-'
  - value: '-'
  - value: '-'
  - value: '-'
  - value: '-'
  - value: '-'
  - value: '-'
  - value: '-'
  - value: '-'
  - value: '-'
  - value: '-'
  - value: '-'
  - value: '-'
  - value: '-'
  - value: '-'
  - value: '-'
  - value: '-'
  - value: '-'
  - value: '-'
  - value: '-'
  - value: '-'
  - value: '-'
  - value: '-'
  - value: '-'
  - value: '-'
  - value: '-'
  - value: '-'
  - value: '-'
  - value: '-'
  - value: '-'
  - value: '-'
  - value: '-'
  - value: '-'
  - value: '-'
  - value: '-'
  - value: '-'
  - value: '-'
  - value: '-'
  - value: '-'
  - value: '-'
  - value: '-'
  - value: '-'
  - value: '-'
  - value: '-'
  - value: '-'
  - value: '-'
  - value: '-'
  - value: '-'
  - value: '-'
  - value: '-'
  - value: '-'
  - value: '-'
  - value: '-'
  - value: '-'
  - value: '-'
  - value: '-'
  - value: '-'
  - value: '-'
  - value: '-'
  - value: '-'
  - value: '-'
  - value: '-'
  - value: '-'
  - value: '-'
  - value: '-'
  - value: '-'
  - value: '-'
  - value: '-'
  - value: '-'
  - value: '-'
  - value: '-'
  - value: '-'
  - value: '-'
  - value: '14.9435'
  - value: '21.1359'
  - value: '31.986'
  - value: '47.6832'
  - value: '67.5748'
  - value: '90.0956'
  - value: '112.566'
  - value: '133.12'
  - value: '151.448'
  - value: '173.285'
  - value: '201.973'
  - value: '241.05'
  - value: '286.556'
  - value: '334.268'
  - value: '381.618'
  - value: '425.515'
  - value: '466.493'
  - value: '503.095'
  - value: '540.809'
  - value: '582.543'
  - value: '628.841'
  - value: '677.572'
  - value: '727.357'
  - value: '777.95'
  - value: '827.606'
  - value: '874.805'
  - value: '915.852'
  - value: '950.04'
  - value: '981.048'
  - value: '1011.67'
  - value: '1048.51'
  - value: '1090.7'
  - value: '1138.44'
  - value: '1187.1'
  - value: '1234.61'
  - value: '1282.89'
  - value: '1331.95'
  - value: '1382.52'
  - value: '1433.38'
  - value: '1483.71'
  - value: '1534.32'
  - value: '1585.01'
  - value: '1636.75'
  - value: '1688.07'
  - value: '1736.88'
  - value: '1780.47'
  - value: '1814.85'
  - value: '1842.14'
  - value: '1864.32'
  - value: '1887.68'
  - value: '1912.38'
  - value: '1938.09'
  - value: '1962.48'
  - value: '1983.05'
  - value: '1997.69'
  - value: '2003.95'
  - value: '2002.84'
  - value: '1997.19'
  - value: '1990.59'
  - value: '1984.66'
  - value: '1980.5'
  - value: '1979.32'
  - value: '1980.29'
  - value: '1981.98'
  - value: '1979.75'
  - value: '1972.32'
  - value: '1959.27'
  - value: '1942.74'
  - value: '1925.65'
  - value: '1908.06'
  - value: '1891.77'
  - value: '1876.99'
  - value: '1876.99'
independent_variables:
- header:
    name: $m_{\tilde{g}}$
    units: GeV
  values:
  - value: '2079.03'
  - value: '2079.58'
  - value: '2079.77'
  - value: '2079.83'
  - value: '2080.9'
  - value: '2084.71'
  - value: '2090.92'
  - value: '2099.3'
  - value: '2108.23'
  - value: '2117.13'
  - value: '2125.3'
  - value: '2132.34'
  - value: '2139.01'
  - value: '2146.94'
  - value: '2156.52'
  - value: '2166.12'
  - value: '2174.04'
  - value: '2180.17'
  - value: '2186.48'
  - value: '2194.11'
  - value: '2202.42'
  - value: '2209.72'
  - value: '2216.05'
  - value: '2222.28'
  - value: '2229.71'
  - value: '2237.51'
  - value: '2243.87'
  - value: '2248.41'
  - value: '2251.23'
  - value: '2253.66'
  - value: '2255.72'
  - value: '2256.85'
  - value: '2256.45'
  - value: '2254.48'
  - value: '2252.17'
  - value: '2251.55'
  - value: '2253.32'
  - value: '2257.25'
  - value: '2260.57'
  - value: '2262.31'
  - value: '2262.56'
  - value: '2262.65'
  - value: '2263.94'
  - value: '2264.3'
  - value: '2262.8'
  - value: '2258.68'
  - value: '2254.22'
  - value: '2251.32'
  - value: '2250.14'
  - value: '2249.3'
  - value: '2246.69'
  - value: '2242.75'
  - value: '2238.64'
  - value: '2234.44'
  - value: '2229.96'
  - value: '2224.75'
  - value: '2220.62'
  - value: '2218.18'
  - value: '2216.43'
  - value: '2212.89'
  - value: '2205.05'
  - value: '2195.75'
  - value: '2185.04'
  - value: '2172.96'
  - value: '2157.0'
  - value: '2136.1'
  - value: '2115.91'
  - value: '2101.86'
  - value: '2097.69'
  - value: '2100.15'
  - value: '2099.82'
  - value: '2090.94'
  - value: '2070.57'
  - value: '2042.04'
  - value: '2011.24'
  - value: '1978.55'
  - value: '1947.77'
  - value: '1919.89'
  - value: '1919.89'
  - value: '2170.61'
  - value: '2164.83'
  - value: '2158.99'
  - value: '2156.09'
  - value: '2157.35'
  - value: '2162.76'
  - value: '2170.51'
  - value: '2179.43'
  - value: '2187.92'
  - value: '2195.72'
  - value: '2204.24'
  - value: '2215.1'
  - value: '2228.21'
  - value: '2241.34'
  - value: '2252.18'
  - value: '2260.13'
  - value: '2267.2'
  - value: '2274.57'
  - value: '2281.89'
  - value: '2288.4'
  - value: '2293.32'
  - value: '2297.09'
  - value: '2300.39'
  - value: '2304.39'
  - value: '2309.32'
  - value: '2314.47'
  - value: '2319.16'
  - value: '2323.36'
  - value: '2327.27'
  - value: '2331.85'
  - value: '2336.46'
  - value: '2340.31'
  - value: '2342.72'
  - value: '2344.13'
  - value: '2345.79'
  - value: '2347.99'
  - value: '2350.76'
  - value: '2352.98'
  - value: '2353.86'
  - value: '2352.44'
  - value: '2349.1'
  - value: '2345.63'
  - value: '2344.28'
  - value: '2346.19'
  - value: '2349.58'
  - value: '2352.03'
  - value: '2352.06'
  - value: '2350.54'
  - value: '2348.28'
  - value: '2344.59'
  - value: '2338.33'
  - value: '2329.59'
  - value: '2320.59'
  - value: '2313.91'
  - value: '2309.91'
  - value: '2306.43'
  - value: '2301.25'
  - value: '2294.16'
  - value: '2287.06'
  - value: '2279.86'
  - value: '2271.91'
  - value: '2259.33'
  - value: '2239.67'
  - value: '2215.7'
  - value: '2190.66'
  - value: '2166.82'
  - value: '2139.53'
  - value: '2105.96'
  - value: '2061.58'
  - value: '2011.9'
  - value: '1965.74'
  - value: '1965.74'
  - value: '1989.48'
  - value: '1981.78'
  - value: '1976.27'
  - value: '1972.7'
  - value: '1970.89'
  - value: '1970.76'
  - value: '1973.61'
  - value: '1979.82'
  - value: '1989.22'
  - value: '2001.84'
  - value: '2017.09'
  - value: '2033.61'
  - value: '2048.09'
  - value: '2058.79'
  - value: '2066.98'
  - value: '2074.49'
  - value: '2082.56'
  - value: '2090.5'
  - value: '2098.2'
  - value: '2105.33'
  - value: '2111.93'
  - value: '2118.57'
  - value: '2124.7'
  - value: '2130.07'
  - value: '2133.95'
  - value: '2137.1'
  - value: '2140.22'
  - value: '2144.07'
  - value: '2148.66'
  - value: '2152.67'
  - value: '2155.96'
  - value: '2158.44'
  - value: '2160.77'
  - value: '2162.85'
  - value: '2164.65'
  - value: '2166.3'
  - value: '2167.29'
  - value: '2167.55'
  - value: '2167.18'
  - value: '2167.08'
  - value: '2166.92'
  - value: '2166.42'
  - value: '2165.02'
  - value: '2162.72'
  - value: '2160.18'
  - value: '2157.59'
  - value: '2155.11'
  - value: '2152.39'
  - value: '2149.03'
  - value: '2144.8'
  - value: '2139.69'
  - value: '2134.63'
  - value: '2128.88'
  - value: '2120.88'
  - value: '2108.56'
  - value: '2093.03'
  - value: '2077.41'
  - value: '2061.69'
  - value: '2045.85'
  - value: '2028.38'
  - value: '2012.62'
  - value: '2001.71'
  - value: '1996.23'
  - value: '1994.42'
  - value: '1990.36'
  - value: '1982.32'
  - value: '1969.27'
  - value: '1952.74'
  - value: '1935.65'
  - value: '1918.06'
  - value: '1901.77'
  - value: '1886.99'
  - value: '1886.99'
